
09/30 04:12:44 [[1;32mNOTICE[0m] Downloading 1 item(s)

09/30 04:12:44 [[1;33mWARN[0m] Neither --rpc-secret nor a combination of --rpc-user and --rpc-passwd is set. This is insecure. It is extremely recommended to specify --rpc-secret with the adequate secrecy or now deprecated --rpc-user and --rpc-passwd.

09/30 04:12:44 [[1;32mNOTICE[0m] IPv4 RPC: listening on TCP port 6800

09/30 04:12:44 [[1;32mNOTICE[0m] IPv6 RPC: listening on TCP port 6800

09/30 04:12:44 [[1;31mERROR[0m] Exception caught while loading DHT routing table from /home/runner/.cache/aria2/dht.dat
Exception: [DHTRoutingTableDeserializer.cc:82] errorCode=1 Failed to load DHT routing table from /home/runner/.cache/aria2/dht.dat

09/30 04:12:44 [[1;32mNOTICE[0m] IPv4 DHT: listening on UDP port 6881

09/30 04:12:44 [[1;32mNOTICE[0m] IPv4 BitTorrent: listening on TCP port 6881

09/30 04:12:44 [[1;32mNOTICE[0m] IPv6 BitTorrent: listening on TCP port 6881
[#6c2bfd 0B/0B CN:15 SD:0 DL:0B]
[#6c2bfd 37KiB/37KiB(100%) CN:5 SD:0]

09/30 04:12:46 [[1;32mNOTICE[0m] Download complete: [MEMORY][METADATA]fed3a1e271827a2094b93ecbe738dbf3bd58c5cf

09/30 04:12:46 [[1;32mNOTICE[0m] Saved metadata as /home/runner/work/_temp/exp18-work/pf_run/fed3a1e271827a2094b93ecbe738dbf3bd58c5cf.torrent.
[#b200a3 0B/0.9GiB(0%) CN:26 SD:0 DL:0B]
[#b200a3 624KiB/0.9GiB(0%) CN:26 SD:7 DL:0.9MiB ETA:16m54s]
[#b200a3 2.7MiB/0.9GiB(0%) CN:26 SD:9 DL:1.6MiB ETA:9m19s]
[#b200a3 5.0MiB/0.9GiB(0%) CN:26 SD:9 DL:1.9MiB ETA:8m3s]
[#b200a3 7.7MiB/0.9GiB(0%) CN:26 SD:9 DL:2.1MiB ETA:7m13s]
[#b200a3 12MiB/0.9GiB(1%) CN:26 SD:9 DL:2.6MiB ETA:5m48s]
[#b200a3 21MiB/0.9GiB(2%) CN:26 SD:9 DL:3.8MiB ETA:3m58s]
[#b200a3 34MiB/0.9GiB(3%) CN:26 SD:9 DL:5.1MiB ETA:2m54s]
[#b200a3 47MiB/0.9GiB(5%) CN:26 SD:9 DL:6.2MiB ETA:2m20s]
[#b200a3 61MiB/0.9GiB(6%) CN:26 SD:9 DL:7.1MiB ETA:2m1s]
[#b200a3 76MiB/0.9GiB(8%) CN:26 SD:9 DL:7.9MiB ETA:1m46s]
[#b200a3 94MiB/0.9GiB(10%) CN:31 SD:9 DL:9.7MiB ETA:1m25s]
[#b200a3 114MiB/0.9GiB(12%) CN:31 SD:9 DL:11MiB ETA:1m10s]
 *** Download Progress Summary as of Wed Sep 30 04:13:00 2026 *** 
===============================================================================
[#b200a3 134MiB/0.9GiB(14%) CN:28 SD:9 DL:13MiB ETA:59s]
FILE: /home/runner/work/_temp/exp18-work/pf_run/sentence-transformers__all-MiniLM-L6-v2/1_Pooling/config.json (28more)
-------------------------------------------------------------------------------

[#b200a3 134MiB/0.9GiB(14%) CN:28 SD:9 DL:13MiB ETA:59s]
[#b200a3 155MiB/0.9GiB(16%) CN:27 SD:9 DL:15MiB ETA:50s]
[#b200a3 176MiB/0.9GiB(18%) CN:27 SD:9 DL:17MiB ETA:44s]
[#b200a3 200MiB/0.9GiB(21%) CN:27 SD:9 DL:18MiB ETA:40s]
[#b200a3 229MiB/0.9GiB(24%) CN:27 SD:9 DL:20MiB ETA:35s]
[#b200a3 257MiB/0.9GiB(27%) CN:27 SD:9 DL:21MiB ETA:31s]
[#b200a3 290MiB/0.9GiB(31%) CN:27 SD:9 DL:23MiB ETA:27s]
[#b200a3 323MiB/0.9GiB(34%) CN:27 SD:9 DL:25MiB ETA:24s]
[#b200a3 387MiB/0.9GiB(41%) CN:28 SD:9 DL:30MiB ETA:18s]
[#b200a3 466MiB/0.9GiB(50%) CN:15 SD:9 DL:36MiB ETA:12s]
[#b200a3 548MiB/0.9GiB(58%) CN:14 SD:9 DL:42MiB ETA:8s]
[#b200a3 627MiB/0.9GiB(67%) CN:12 SD:9 DL:49MiB ETA:6s]
[#b200a3 702MiB/0.9GiB(75%) CN:12 SD:9 DL:54MiB ETA:4s]
[#b200a3 782MiB/0.9GiB(83%) CN:12 SD:9 DL:60MiB ETA:2s]
[#b200a3 863MiB/0.9GiB(92%) CN:12 SD:9 DL:66MiB ETA:1s]
[#b200a3 0.9GiB/0.9GiB(99%) CN:12 SD:9 DL:71MiB]

09/30 04:13:15 [[1;32mNOTICE[0m] Seeding is over.
 *** Download Progress Summary as of Wed Sep 30 04:13:16 2026 *** 
===============================================================================
[#b200a3 SEED(0.0) CN:3 SD:0]
FILE: /home/runner/work/_temp/exp18-work/pf_run/sentence-transformers__all-MiniLM-L6-v2/1_Pooling/config.json (28more)
-------------------------------------------------------------------------------

[#b200a3 SEED(0.0) CN:3 SD:0]

09/30 04:13:18 [[1;32mNOTICE[0m] Download complete: /home/runner/work/_temp/exp18-work/pf_run/sentence-transformers__all-MiniLM-L6-v2

09/30 04:13:18 [[1;32mNOTICE[0m] Your share ratio was 0.0, uploaded/downloaded=0B/0.9GiB

































































































































































































































































































































































































































































































































































































































































































































































































































































































09/30 04:27:44 [[1;32mNOTICE[0m] Emergency shutdown sequence commencing...

Download Results:
gid   |stat|avg speed  |path/URI
======+====+===========+=======================================================
6c2bfd|OK  |       0B/s|[MEMORY][METADATA]fed3a1e271827a2094b93ecbe738dbf3bd58c5cf
b200a3|OK  |    32MiB/s|/home/runner/work/_temp/exp18-work/pf_run/sentence-transformers__all-MiniLM-L6-v2/1_Pooling/config.json (28more)

Status Legend:
(OK):download completed.
