
09/30 04:27:45 [[1;32mNOTICE[0m] Downloading 1 item(s)

09/30 04:27:45 [[1;33mWARN[0m] Neither --rpc-secret nor a combination of --rpc-user and --rpc-passwd is set. This is insecure. It is extremely recommended to specify --rpc-secret with the adequate secrecy or now deprecated --rpc-user and --rpc-passwd.

09/30 04:27:45 [[1;32mNOTICE[0m] IPv4 RPC: listening on TCP port 6801

09/30 04:27:45 [[1;32mNOTICE[0m] IPv6 RPC: listening on TCP port 6801

09/30 04:27:45 [[1;32mNOTICE[0m] IPv4 DHT: listening on UDP port 6881

09/30 04:27:45 [[1;32mNOTICE[0m] IPv4 BitTorrent: listening on TCP port 6881

09/30 04:27:45 [[1;32mNOTICE[0m] IPv6 BitTorrent: listening on TCP port 6881
[#8ccd0c 0B/0B CN:49 SD:0 DL:0B]
[#8ccd0c 37KiB/37KiB(100%) CN:39 SD:1]

09/30 04:27:47 [[1;32mNOTICE[0m] Download complete: [MEMORY][METADATA]fed3a1e271827a2094b93ecbe738dbf3bd58c5cf

09/30 04:27:47 [[1;32mNOTICE[0m] Saved metadata as /home/runner/work/_temp/exp18-work/swarm_run/fed3a1e271827a2094b93ecbe738dbf3bd58c5cf.torrent.
[#374b56 0B/0.9GiB(0%) CN:15 SD:0 DL:0B]
[#374b56 608KiB/0.9GiB(0%) CN:15 SD:7 DL:912KiB ETA:17m24s]
[#374b56 2.5MiB/0.9GiB(0%) CN:15 SD:8 DL:1.4MiB ETA:10m19s]
[#374b56 5.3MiB/0.9GiB(0%) CN:15 SD:9 DL:2.0MiB ETA:7m38s]
[#374b56 10MiB/0.9GiB(1%) CN:15 SD:9 DL:2.8MiB ETA:5m27s]
[#374b56 17MiB/0.9GiB(1%) CN:15 SD:9 DL:3.8MiB ETA:3m56s]
[#374b56 26MiB/0.9GiB(2%) CN:15 SD:9 DL:4.6MiB ETA:3m14s]
[#374b56 37MiB/0.9GiB(4%) CN:15 SD:9 DL:5.6MiB ETA:2m39s]
[#374b56 55MiB/0.9GiB(5%) CN:15 SD:9 DL:7.2MiB ETA:2m1s]
[#374b56 82MiB/0.9GiB(8%) CN:15 SD:9 DL:9.6MiB ETA:1m28s]
[#374b56 114MiB/0.9GiB(12%) CN:15 SD:9 DL:11MiB ETA:1m8s]
[#374b56 150MiB/0.9GiB(16%) CN:20 SD:9 DL:15MiB ETA:50s]
 *** Download Progress Summary as of Wed Sep 30 04:28:00 2026 *** 
===============================================================================
[#374b56 209MiB/0.9GiB(22%) CN:20 SD:9 DL:21MiB ETA:33s]
FILE: /home/runner/work/_temp/exp18-work/swarm_run/sentence-transformers__all-MiniLM-L6-v2/1_Pooling/config.json (28more)
-------------------------------------------------------------------------------

[#374b56 209MiB/0.9GiB(22%) CN:20 SD:9 DL:21MiB ETA:33s]
[#374b56 301MiB/0.9GiB(32%) CN:20 SD:9 DL:30MiB ETA:20s]
[#374b56 398MiB/0.9GiB(42%) CN:20 SD:9 DL:40MiB ETA:13s]
[#374b56 491MiB/0.9GiB(52%) CN:20 SD:9 DL:49MiB ETA:8s]
[#374b56 590MiB/0.9GiB(63%) CN:20 SD:9 DL:58MiB ETA:5s]
[#374b56 692MiB/0.9GiB(74%) CN:20 SD:9 DL:68MiB ETA:3s]
[#374b56 790MiB/0.9GiB(84%) CN:20 SD:9 DL:76MiB ETA:1s]
[#374b56 898MiB/0.9GiB(96%) CN:20 SD:9 DL:84MiB]

09/30 04:28:07 [[1;32mNOTICE[0m] Seeding is over.
[#374b56 SEED(0.0) CN:11 SD:0]

09/30 04:28:10 [[1;32mNOTICE[0m] Download complete: /home/runner/work/_temp/exp18-work/swarm_run/sentence-transformers__all-MiniLM-L6-v2

09/30 04:28:10 [[1;32mNOTICE[0m] Your share ratio was 0.0, uploaded/downloaded=0B/0.9GiB












































































































































































































































































































































































































































































































































































































































































































































































































































































































09/30 04:42:46 [[1;32mNOTICE[0m] Emergency shutdown sequence commencing...

Download Results:
gid   |stat|avg speed  |path/URI
======+====+===========+=======================================================
8ccd0c|OK  |       0B/s|[MEMORY][METADATA]fed3a1e271827a2094b93ecbe738dbf3bd58c5cf
374b56|OK  |    46MiB/s|/home/runner/work/_temp/exp18-work/swarm_run/sentence-transformers__all-MiniLM-L6-v2/1_Pooling/config.json (28more)

Status Legend:
(OK):download completed.
