
09/30 05:11:59 [[1;32mNOTICE[0m] Downloading 1 item(s)

09/30 05:12:00 [[1;31mERROR[0m] Checksum error detected. file=/home/runner/work/_temp/exp18-work/swarm_run/sentence-transformers__all-MiniLM-L6-v2

09/30 05:12:00 [[1;32mNOTICE[0m] IPv4 BitTorrent: listening on TCP port 6990

09/30 05:12:00 [[1;32mNOTICE[0m] IPv6 BitTorrent: listening on TCP port 6990
[#895db9 302MiB/0.9GiB(32%) CN:0 SD:0 DL:0B]

09/30 05:12:01 [[1;31mERROR[0m] CUID#14 - Download aborted. URI=udp://tracker.pirateface.co:6969/announce?info_hash=%FE%D3%A1%E2q%82z%20%94%B9%3E%CB%E78%DB%F3%BDX%C5%CF&peer_id=A2-1-37-0-%3F%22X%A6%F9%13%0A%0C%CD%CC&uploaded=0&downloaded=0&left=660013056&compact=1&key=X%A6%F9%13%0A%0C%CD%CC&numwant=50&no_peer_id=1&port=6990&event=started&supportcrypto=1
Exception: [AbstractCommand.cc:351] errorCode=1 URI=udp://tracker.pirateface.co:6969/announce?info_hash=%FE%D3%A1%E2q%82z%20%94%B9%3E%CB%E78%DB%F3%BDX%C5%CF&peer_id=A2-1-37-0-%3F%22X%A6%F9%13%0A%0C%CD%CC&uploaded=0&downloaded=0&left=660013056&compact=1&key=X%A6%F9%13%0A%0C%CD%CC&numwant=50&no_peer_id=1&port=6990&event=started&supportcrypto=1
  -> [InitiateConnectionCommandFactory.cc:87] errorCode=1 udp is not supported yet.
[#895db9 302MiB/0.9GiB(32%) CN:0 SD:0 DL:0B]
[#895db9 302MiB/0.9GiB(32%) CN:0 SD:0 DL:0B]

09/30 05:12:03 [[1;31mERROR[0m] CUID#15 - Download aborted. URI=http://tracker.pirateface.co:6969/announce?info_hash=%FE%D3%A1%E2q%82z%20%94%B9%3E%CB%E78%DB%F3%BDX%C5%CF&peer_id=A2-1-37-0-%3F%22X%A6%F9%13%0A%0C%CD%CC&uploaded=0&downloaded=0&left=660013056&compact=1&key=X%A6%F9%13%0A%0C%CD%CC&numwant=50&no_peer_id=1&port=6990&event=started&supportcrypto=1
Exception: [AbstractCommand.cc:856] errorCode=1 Failed to establish connection, cause: Connection refused
[#895db9 302MiB/0.9GiB(32%) CN:0 SD:0 DL:0B]
[#895db9 302MiB/0.9GiB(32%) CN:0 SD:0 DL:0B]
[#895db9 302MiB/0.9GiB(32%) CN:0 SD:0 DL:0B]
[#895db9 302MiB/0.9GiB(32%) CN:0 SD:0 DL:0B]
[#895db9 302MiB/0.9GiB(32%) CN:0 SD:0 DL:0B]
[#895db9 302MiB/0.9GiB(32%) CN:0 SD:0 DL:0B]
[#895db9 302MiB/0.9GiB(32%) CN:0 SD:0 DL:0B]
[#895db9 302MiB/0.9GiB(32%) CN:0 SD:0 DL:0B]
[#895db9 302MiB/0.9GiB(32%) CN:0 SD:0 DL:0B]
[#895db9 302MiB/0.9GiB(32%) CN:0 SD:0 DL:0B]
[#895db9 302MiB/0.9GiB(32%) CN:0 SD:0 DL:0B]
[#895db9 302MiB/0.9GiB(32%) CN:0 SD:0 DL:0B]
[#895db9 302MiB/0.9GiB(32%) CN:0 SD:0 DL:0B]
[#895db9 302MiB/0.9GiB(32%) CN:0 SD:0 DL:0B]
[#895db9 302MiB/0.9GiB(32%) CN:0 SD:0 DL:0B]
[#895db9 302MiB/0.9GiB(32%) CN:0 SD:0 DL:0B]
[#895db9 302MiB/0.9GiB(32%) CN:0 SD:0 DL:0B]
[#895db9 302MiB/0.9GiB(32%) CN:0 SD:0 DL:0B]
[#895db9 302MiB/0.9GiB(32%) CN:0 SD:0 DL:0B]
[#895db9 302MiB/0.9GiB(32%) CN:0 SD:0 DL:0B]
[#895db9 302MiB/0.9GiB(32%) CN:0 SD:0 DL:0B]
[#895db9 302MiB/0.9GiB(32%) CN:0 SD:0 DL:0B]
[#895db9 302MiB/0.9GiB(32%) CN:0 SD:0 DL:0B]
[#895db9 302MiB/0.9GiB(32%) CN:0 SD:0 DL:0B]
[#895db9 302MiB/0.9GiB(32%) CN:0 SD:0 DL:0B]
[#895db9 302MiB/0.9GiB(32%) CN:0 SD:0 DL:0B]
[#895db9 302MiB/0.9GiB(32%) CN:0 SD:0 DL:0B]
[#895db9 302MiB/0.9GiB(32%) CN:0 SD:0 DL:0B]
[#895db9 302MiB/0.9GiB(32%) CN:0 SD:0 DL:0B]
[#895db9 302MiB/0.9GiB(32%) CN:0 SD:0 DL:0B]
[#895db9 302MiB/0.9GiB(32%) CN:0 SD:0 DL:0B]
[#895db9 302MiB/0.9GiB(32%) CN:0 SD:0 DL:0B]
[#895db9 302MiB/0.9GiB(32%) CN:0 SD:0 DL:0B]
[#895db9 302MiB/0.9GiB(32%) CN:0 SD:0 DL:0B]
[#895db9 302MiB/0.9GiB(32%) CN:0 SD:0 DL:0B]
[#895db9 302MiB/0.9GiB(32%) CN:0 SD:0 DL:0B]
[#895db9 302MiB/0.9GiB(32%) CN:0 SD:0 DL:0B]
[#895db9 302MiB/0.9GiB(32%) CN:0 SD:0 DL:0B]
[#895db9 302MiB/0.9GiB(32%) CN:0 SD:0 DL:0B]
[#895db9 302MiB/0.9GiB(32%) CN:0 SD:0 DL:0B]
[#895db9 302MiB/0.9GiB(32%) CN:0 SD:0 DL:0B]
[#895db9 302MiB/0.9GiB(32%) CN:0 SD:0 DL:0B]
[#895db9 302MiB/0.9GiB(32%) CN:0 SD:0 DL:0B]
[#895db9 302MiB/0.9GiB(32%) CN:0 SD:0 DL:0B]
[#895db9 302MiB/0.9GiB(32%) CN:0 SD:0 DL:0B]
[#895db9 302MiB/0.9GiB(32%) CN:0 SD:0 DL:0B]
[#895db9 302MiB/0.9GiB(32%) CN:0 SD:0 DL:0B]
[#895db9 302MiB/0.9GiB(32%) CN:0 SD:0 DL:0B]
[#895db9 302MiB/0.9GiB(32%) CN:0 SD:0 DL:0B]
[#895db9 302MiB/0.9GiB(32%) CN:0 SD:0 DL:0B]
[#895db9 302MiB/0.9GiB(32%) CN:0 SD:0 DL:0B]
[#895db9 302MiB/0.9GiB(32%) CN:0 SD:0 DL:0B]
[#895db9 302MiB/0.9GiB(32%) CN:0 SD:0 DL:0B]
[#895db9 302MiB/0.9GiB(32%) CN:0 SD:0 DL:0B]
[#895db9 302MiB/0.9GiB(32%) CN:0 SD:0 DL:0B]
[#895db9 302MiB/0.9GiB(32%) CN:0 SD:0 DL:0B]
 *** Download Progress Summary as of Wed Sep 30 05:13:00 2026 *** 
===============================================================================
[#895db9 302MiB/0.9GiB(32%) CN:0 SD:0 DL:0B]
FILE: /home/runner/work/_temp/exp18-work/swarm_run/sentence-transformers__all-MiniLM-L6-v2/1_Pooling/config.json (28more)
-------------------------------------------------------------------------------

[#895db9 302MiB/0.9GiB(32%) CN:0 SD:0 DL:0B]
[#895db9 302MiB/0.9GiB(32%) CN:0 SD:0 DL:0B]
[#895db9 302MiB/0.9GiB(32%) CN:0 SD:0 DL:0B]
[#895db9 302MiB/0.9GiB(32%) CN:0 SD:0 DL:0B]
[#895db9 302MiB/0.9GiB(32%) CN:0 SD:0 DL:0B]
[#895db9 302MiB/0.9GiB(32%) CN:0 SD:0 DL:0B]
[#895db9 302MiB/0.9GiB(32%) CN:0 SD:0 DL:0B]
[#895db9 302MiB/0.9GiB(32%) CN:0 SD:0 DL:0B]
[#895db9 302MiB/0.9GiB(32%) CN:0 SD:0 DL:0B]
[#895db9 302MiB/0.9GiB(32%) CN:0 SD:0 DL:0B]
[#895db9 302MiB/0.9GiB(32%) CN:0 SD:0 DL:0B]
[#895db9 302MiB/0.9GiB(32%) CN:0 SD:0 DL:0B]
[#895db9 302MiB/0.9GiB(32%) CN:0 SD:0 DL:0B]
[#895db9 302MiB/0.9GiB(32%) CN:0 SD:0 DL:0B]
[#895db9 302MiB/0.9GiB(32%) CN:0 SD:0 DL:0B]
[#895db9 302MiB/0.9GiB(32%) CN:0 SD:0 DL:0B]
[#895db9 302MiB/0.9GiB(32%) CN:0 SD:0 DL:0B]
[#895db9 302MiB/0.9GiB(32%) CN:0 SD:0 DL:0B]
[#895db9 302MiB/0.9GiB(32%) CN:0 SD:0 DL:0B]
[#895db9 302MiB/0.9GiB(32%) CN:0 SD:0 DL:0B]
[#895db9 302MiB/0.9GiB(32%) CN:0 SD:0 DL:0B]
[#895db9 302MiB/0.9GiB(32%) CN:0 SD:0 DL:0B]
[#895db9 302MiB/0.9GiB(32%) CN:0 SD:0 DL:0B]
[#895db9 302MiB/0.9GiB(32%) CN:0 SD:0 DL:0B]
[#895db9 302MiB/0.9GiB(32%) CN:0 SD:0 DL:0B]
[#895db9 302MiB/0.9GiB(32%) CN:0 SD:0 DL:0B]
[#895db9 302MiB/0.9GiB(32%) CN:0 SD:0 DL:0B]
[#895db9 302MiB/0.9GiB(32%) CN:0 SD:0 DL:0B]
[#895db9 302MiB/0.9GiB(32%) CN:0 SD:0 DL:0B]
[#895db9 302MiB/0.9GiB(32%) CN:0 SD:0 DL:0B]
[#895db9 302MiB/0.9GiB(32%) CN:0 SD:0 DL:0B]
[#895db9 302MiB/0.9GiB(32%) CN:0 SD:0 DL:0B]
[#895db9 302MiB/0.9GiB(32%) CN:0 SD:0 DL:0B]
[#895db9 302MiB/0.9GiB(32%) CN:0 SD:0 DL:0B]
[#895db9 302MiB/0.9GiB(32%) CN:0 SD:0 DL:0B]
[#895db9 302MiB/0.9GiB(32%) CN:0 SD:0 DL:0B]
[#895db9 302MiB/0.9GiB(32%) CN:0 SD:0 DL:0B]
[#895db9 302MiB/0.9GiB(32%) CN:0 SD:0 DL:0B]
[#895db9 302MiB/0.9GiB(32%) CN:0 SD:0 DL:0B]
[#895db9 302MiB/0.9GiB(32%) CN:0 SD:0 DL:0B]
[#895db9 302MiB/0.9GiB(32%) CN:0 SD:0 DL:0B]
[#895db9 302MiB/0.9GiB(32%) CN:0 SD:0 DL:0B]
[#895db9 302MiB/0.9GiB(32%) CN:0 SD:0 DL:0B]
[#895db9 302MiB/0.9GiB(32%) CN:0 SD:0 DL:0B]
[#895db9 302MiB/0.9GiB(32%) CN:0 SD:0 DL:0B]
[#895db9 302MiB/0.9GiB(32%) CN:0 SD:0 DL:0B]
[#895db9 302MiB/0.9GiB(32%) CN:0 SD:0 DL:0B]
[#895db9 302MiB/0.9GiB(32%) CN:0 SD:0 DL:0B]
[#895db9 302MiB/0.9GiB(32%) CN:0 SD:0 DL:0B]
[#895db9 302MiB/0.9GiB(32%) CN:0 SD:0 DL:0B]
[#895db9 302MiB/0.9GiB(32%) CN:0 SD:0 DL:0B]
[#895db9 302MiB/0.9GiB(32%) CN:0 SD:0 DL:0B]
[#895db9 302MiB/0.9GiB(32%) CN:0 SD:0 DL:0B]
[#895db9 302MiB/0.9GiB(32%) CN:0 SD:0 DL:0B]
[#895db9 302MiB/0.9GiB(32%) CN:0 SD:0 DL:0B]
[#895db9 302MiB/0.9GiB(32%) CN:0 SD:0 DL:0B]
[#895db9 302MiB/0.9GiB(32%) CN:0 SD:0 DL:0B]
[#895db9 302MiB/0.9GiB(32%) CN:0 SD:0 DL:0B]
[#895db9 302MiB/0.9GiB(32%) CN:0 SD:0 DL:0B]
[#895db9 302MiB/0.9GiB(32%) CN:0 SD:0 DL:0B]
 *** Download Progress Summary as of Wed Sep 30 05:14:00 2026 *** 
===============================================================================
[#895db9 302MiB/0.9GiB(32%) CN:0 SD:0 DL:0B]
FILE: /home/runner/work/_temp/exp18-work/swarm_run/sentence-transformers__all-MiniLM-L6-v2/1_Pooling/config.json (28more)
-------------------------------------------------------------------------------

[#895db9 302MiB/0.9GiB(32%) CN:0 SD:0 DL:0B]
[#895db9 302MiB/0.9GiB(32%) CN:0 SD:0 DL:0B]
[#895db9 302MiB/0.9GiB(32%) CN:0 SD:0 DL:0B]
[#895db9 302MiB/0.9GiB(32%) CN:0 SD:0 DL:0B]
[#895db9 302MiB/0.9GiB(32%) CN:0 SD:0 DL:0B]

09/30 05:14:04 [[1;31mERROR[0m] CUID#16 - Download aborted. URI=udp://tracker.pirateface.co:6969/announce?info_hash=%FE%D3%A1%E2q%82z%20%94%B9%3E%CB%E78%DB%F3%BDX%C5%CF&peer_id=A2-1-37-0-%3F%22X%A6%F9%13%0A%0C%CD%CC&uploaded=0&downloaded=0&left=660013056&compact=1&key=X%A6%F9%13%0A%0C%CD%CC&numwant=50&no_peer_id=1&port=6990&event=started&supportcrypto=1
Exception: [AbstractCommand.cc:351] errorCode=1 URI=udp://tracker.pirateface.co:6969/announce?info_hash=%FE%D3%A1%E2q%82z%20%94%B9%3E%CB%E78%DB%F3%BDX%C5%CF&peer_id=A2-1-37-0-%3F%22X%A6%F9%13%0A%0C%CD%CC&uploaded=0&downloaded=0&left=660013056&compact=1&key=X%A6%F9%13%0A%0C%CD%CC&numwant=50&no_peer_id=1&port=6990&event=started&supportcrypto=1
  -> [InitiateConnectionCommandFactory.cc:87] errorCode=1 udp is not supported yet.
[#895db9 302MiB/0.9GiB(32%) CN:0 SD:0 DL:0B]
[#895db9 302MiB/0.9GiB(32%) CN:0 SD:0 DL:0B]

09/30 05:14:06 [[1;31mERROR[0m] CUID#17 - Download aborted. URI=http://tracker.pirateface.co:6969/announce?info_hash=%FE%D3%A1%E2q%82z%20%94%B9%3E%CB%E78%DB%F3%BDX%C5%CF&peer_id=A2-1-37-0-%3F%22X%A6%F9%13%0A%0C%CD%CC&uploaded=0&downloaded=0&left=660013056&compact=1&key=X%A6%F9%13%0A%0C%CD%CC&numwant=50&no_peer_id=1&port=6990&event=started&supportcrypto=1
Exception: [AbstractCommand.cc:856] errorCode=1 Failed to establish connection, cause: Connection refused
[#895db9 302MiB/0.9GiB(32%) CN:0 SD:0 DL:0B]
[#895db9 302MiB/0.9GiB(32%) CN:0 SD:0 DL:0B]
[#895db9 302MiB/0.9GiB(32%) CN:0 SD:0 DL:0B]
[#895db9 302MiB/0.9GiB(32%) CN:0 SD:0 DL:0B]
[#895db9 302MiB/0.9GiB(32%) CN:0 SD:0 DL:0B]
[#895db9 302MiB/0.9GiB(32%) CN:0 SD:0 DL:0B]
[#895db9 302MiB/0.9GiB(32%) CN:0 SD:0 DL:0B]
[#895db9 302MiB/0.9GiB(32%) CN:0 SD:0 DL:0B]
[#895db9 302MiB/0.9GiB(32%) CN:0 SD:0 DL:0B]
[#895db9 302MiB/0.9GiB(32%) CN:0 SD:0 DL:0B]
[#895db9 302MiB/0.9GiB(32%) CN:0 SD:0 DL:0B]
[#895db9 302MiB/0.9GiB(32%) CN:0 SD:0 DL:0B]
[#895db9 302MiB/0.9GiB(32%) CN:0 SD:0 DL:0B]
[#895db9 302MiB/0.9GiB(32%) CN:0 SD:0 DL:0B]
[#895db9 302MiB/0.9GiB(32%) CN:0 SD:0 DL:0B]
[#895db9 302MiB/0.9GiB(32%) CN:0 SD:0 DL:0B]
[#895db9 302MiB/0.9GiB(32%) CN:0 SD:0 DL:0B]
[#895db9 302MiB/0.9GiB(32%) CN:0 SD:0 DL:0B]
[#895db9 302MiB/0.9GiB(32%) CN:0 SD:0 DL:0B]
[#895db9 302MiB/0.9GiB(32%) CN:0 SD:0 DL:0B]
[#895db9 302MiB/0.9GiB(32%) CN:0 SD:0 DL:0B]
[#895db9 302MiB/0.9GiB(32%) CN:0 SD:0 DL:0B]
[#895db9 302MiB/0.9GiB(32%) CN:0 SD:0 DL:0B]
[#895db9 302MiB/0.9GiB(32%) CN:0 SD:0 DL:0B]
[#895db9 302MiB/0.9GiB(32%) CN:0 SD:0 DL:0B]
[#895db9 302MiB/0.9GiB(32%) CN:0 SD:0 DL:0B]
[#895db9 302MiB/0.9GiB(32%) CN:0 SD:0 DL:0B]
[#895db9 302MiB/0.9GiB(32%) CN:0 SD:0 DL:0B]
[#895db9 302MiB/0.9GiB(32%) CN:0 SD:0 DL:0B]
[#895db9 302MiB/0.9GiB(32%) CN:0 SD:0 DL:0B]
[#895db9 302MiB/0.9GiB(32%) CN:0 SD:0 DL:0B]
[#895db9 302MiB/0.9GiB(32%) CN:0 SD:0 DL:0B]
[#895db9 302MiB/0.9GiB(32%) CN:0 SD:0 DL:0B]
[#895db9 302MiB/0.9GiB(32%) CN:0 SD:0 DL:0B]
[#895db9 302MiB/0.9GiB(32%) CN:0 SD:0 DL:0B]
[#895db9 302MiB/0.9GiB(32%) CN:0 SD:0 DL:0B]
[#895db9 302MiB/0.9GiB(32%) CN:0 SD:0 DL:0B]
[#895db9 302MiB/0.9GiB(32%) CN:0 SD:0 DL:0B]
[#895db9 302MiB/0.9GiB(32%) CN:0 SD:0 DL:0B]
[#895db9 302MiB/0.9GiB(32%) CN:0 SD:0 DL:0B]
[#895db9 302MiB/0.9GiB(32%) CN:0 SD:0 DL:0B]
[#895db9 302MiB/0.9GiB(32%) CN:0 SD:0 DL:0B]
[#895db9 302MiB/0.9GiB(32%) CN:0 SD:0 DL:0B]
[#895db9 302MiB/0.9GiB(32%) CN:0 SD:0 DL:0B]
[#895db9 302MiB/0.9GiB(32%) CN:0 SD:0 DL:0B]
[#895db9 302MiB/0.9GiB(32%) CN:0 SD:0 DL:0B]
[#895db9 302MiB/0.9GiB(32%) CN:0 SD:0 DL:0B]
[#895db9 302MiB/0.9GiB(32%) CN:0 SD:0 DL:0B]
[#895db9 302MiB/0.9GiB(32%) CN:0 SD:0 DL:0B]
[#895db9 302MiB/0.9GiB(32%) CN:0 SD:0 DL:0B]
[#895db9 302MiB/0.9GiB(32%) CN:0 SD:0 DL:0B]
[#895db9 302MiB/0.9GiB(32%) CN:0 SD:0 DL:0B]
[#895db9 302MiB/0.9GiB(32%) CN:0 SD:0 DL:0B]
 *** Download Progress Summary as of Wed Sep 30 05:15:00 2026 *** 
===============================================================================
[#895db9 302MiB/0.9GiB(32%) CN:0 SD:0 DL:0B]
FILE: /home/runner/work/_temp/exp18-work/swarm_run/sentence-transformers__all-MiniLM-L6-v2/1_Pooling/config.json (28more)
-------------------------------------------------------------------------------

[#895db9 302MiB/0.9GiB(32%) CN:0 SD:0 DL:0B]
[#895db9 302MiB/0.9GiB(32%) CN:0 SD:0 DL:0B]
[#895db9 302MiB/0.9GiB(32%) CN:0 SD:0 DL:0B]
[#895db9 302MiB/0.9GiB(32%) CN:0 SD:0 DL:0B]
[#895db9 302MiB/0.9GiB(32%) CN:0 SD:0 DL:0B]
[#895db9 302MiB/0.9GiB(32%) CN:0 SD:0 DL:0B]
[#895db9 302MiB/0.9GiB(32%) CN:0 SD:0 DL:0B]
[#895db9 302MiB/0.9GiB(32%) CN:0 SD:0 DL:0B]
[#895db9 302MiB/0.9GiB(32%) CN:0 SD:0 DL:0B]
[#895db9 302MiB/0.9GiB(32%) CN:0 SD:0 DL:0B]
[#895db9 302MiB/0.9GiB(32%) CN:0 SD:0 DL:0B]
[#895db9 302MiB/0.9GiB(32%) CN:0 SD:0 DL:0B]
[#895db9 302MiB/0.9GiB(32%) CN:0 SD:0 DL:0B]
[#895db9 302MiB/0.9GiB(32%) CN:0 SD:0 DL:0B]
[#895db9 302MiB/0.9GiB(32%) CN:0 SD:0 DL:0B]
[#895db9 302MiB/0.9GiB(32%) CN:0 SD:0 DL:0B]
[#895db9 302MiB/0.9GiB(32%) CN:0 SD:0 DL:0B]
[#895db9 302MiB/0.9GiB(32%) CN:0 SD:0 DL:0B]
[#895db9 302MiB/0.9GiB(32%) CN:0 SD:0 DL:0B]
[#895db9 302MiB/0.9GiB(32%) CN:0 SD:0 DL:0B]
[#895db9 302MiB/0.9GiB(32%) CN:0 SD:0 DL:0B]
[#895db9 302MiB/0.9GiB(32%) CN:0 SD:0 DL:0B]
[#895db9 302MiB/0.9GiB(32%) CN:0 SD:0 DL:0B]
[#895db9 302MiB/0.9GiB(32%) CN:0 SD:0 DL:0B]
[#895db9 302MiB/0.9GiB(32%) CN:0 SD:0 DL:0B]
[#895db9 302MiB/0.9GiB(32%) CN:0 SD:0 DL:0B]
[#895db9 302MiB/0.9GiB(32%) CN:0 SD:0 DL:0B]
[#895db9 302MiB/0.9GiB(32%) CN:0 SD:0 DL:0B]
[#895db9 302MiB/0.9GiB(32%) CN:0 SD:0 DL:0B]
[#895db9 302MiB/0.9GiB(32%) CN:0 SD:0 DL:0B]
[#895db9 302MiB/0.9GiB(32%) CN:0 SD:0 DL:0B]
[#895db9 302MiB/0.9GiB(32%) CN:0 SD:0 DL:0B]
[#895db9 302MiB/0.9GiB(32%) CN:0 SD:0 DL:0B]
[#895db9 302MiB/0.9GiB(32%) CN:0 SD:0 DL:0B]
[#895db9 302MiB/0.9GiB(32%) CN:0 SD:0 DL:0B]
[#895db9 302MiB/0.9GiB(32%) CN:0 SD:0 DL:0B]
[#895db9 302MiB/0.9GiB(32%) CN:0 SD:0 DL:0B]
[#895db9 302MiB/0.9GiB(32%) CN:0 SD:0 DL:0B]
[#895db9 302MiB/0.9GiB(32%) CN:0 SD:0 DL:0B]
[#895db9 302MiB/0.9GiB(32%) CN:0 SD:0 DL:0B]
[#895db9 302MiB/0.9GiB(32%) CN:0 SD:0 DL:0B]
[#895db9 302MiB/0.9GiB(32%) CN:0 SD:0 DL:0B]
[#895db9 302MiB/0.9GiB(32%) CN:0 SD:0 DL:0B]
[#895db9 302MiB/0.9GiB(32%) CN:0 SD:0 DL:0B]
[#895db9 302MiB/0.9GiB(32%) CN:0 SD:0 DL:0B]
[#895db9 302MiB/0.9GiB(32%) CN:0 SD:0 DL:0B]
[#895db9 302MiB/0.9GiB(32%) CN:0 SD:0 DL:0B]
[#895db9 302MiB/0.9GiB(32%) CN:0 SD:0 DL:0B]
[#895db9 302MiB/0.9GiB(32%) CN:0 SD:0 DL:0B]
[#895db9 302MiB/0.9GiB(32%) CN:0 SD:0 DL:0B]
[#895db9 302MiB/0.9GiB(32%) CN:0 SD:0 DL:0B]
[#895db9 302MiB/0.9GiB(32%) CN:0 SD:0 DL:0B]
[#895db9 302MiB/0.9GiB(32%) CN:0 SD:0 DL:0B]
[#895db9 302MiB/0.9GiB(32%) CN:0 SD:0 DL:0B]
[#895db9 302MiB/0.9GiB(32%) CN:0 SD:0 DL:0B]
[#895db9 302MiB/0.9GiB(32%) CN:0 SD:0 DL:0B]
[#895db9 302MiB/0.9GiB(32%) CN:0 SD:0 DL:0B]
[#895db9 302MiB/0.9GiB(32%) CN:0 SD:0 DL:0B]
[#895db9 302MiB/0.9GiB(32%) CN:0 SD:0 DL:0B]
[#895db9 302MiB/0.9GiB(32%) CN:0 SD:0 DL:0B]
 *** Download Progress Summary as of Wed Sep 30 05:16:00 2026 *** 
===============================================================================
[#895db9 302MiB/0.9GiB(32%) CN:0 SD:0 DL:0B]
FILE: /home/runner/work/_temp/exp18-work/swarm_run/sentence-transformers__all-MiniLM-L6-v2/1_Pooling/config.json (28more)
-------------------------------------------------------------------------------

[#895db9 302MiB/0.9GiB(32%) CN:0 SD:0 DL:0B]
[#895db9 302MiB/0.9GiB(32%) CN:0 SD:0 DL:0B]
[#895db9 302MiB/0.9GiB(32%) CN:0 SD:0 DL:0B]
[#895db9 302MiB/0.9GiB(32%) CN:0 SD:0 DL:0B]
[#895db9 302MiB/0.9GiB(32%) CN:0 SD:0 DL:0B]
[#895db9 302MiB/0.9GiB(32%) CN:0 SD:0 DL:0B]
[#895db9 302MiB/0.9GiB(32%) CN:0 SD:0 DL:0B]
[#895db9 302MiB/0.9GiB(32%) CN:0 SD:0 DL:0B]

09/30 05:16:07 [[1;31mERROR[0m] CUID#18 - Download aborted. URI=udp://tracker.pirateface.co:6969/announce?info_hash=%FE%D3%A1%E2q%82z%20%94%B9%3E%CB%E78%DB%F3%BDX%C5%CF&peer_id=A2-1-37-0-%3F%22X%A6%F9%13%0A%0C%CD%CC&uploaded=0&downloaded=0&left=660013056&compact=1&key=X%A6%F9%13%0A%0C%CD%CC&numwant=50&no_peer_id=1&port=6990&event=started&supportcrypto=1
Exception: [AbstractCommand.cc:351] errorCode=1 URI=udp://tracker.pirateface.co:6969/announce?info_hash=%FE%D3%A1%E2q%82z%20%94%B9%3E%CB%E78%DB%F3%BDX%C5%CF&peer_id=A2-1-37-0-%3F%22X%A6%F9%13%0A%0C%CD%CC&uploaded=0&downloaded=0&left=660013056&compact=1&key=X%A6%F9%13%0A%0C%CD%CC&numwant=50&no_peer_id=1&port=6990&event=started&supportcrypto=1
  -> [InitiateConnectionCommandFactory.cc:87] errorCode=1 udp is not supported yet.
[#895db9 302MiB/0.9GiB(32%) CN:0 SD:0 DL:0B]
[#895db9 302MiB/0.9GiB(32%) CN:0 SD:0 DL:0B]

09/30 05:16:09 [[1;31mERROR[0m] CUID#19 - Download aborted. URI=http://tracker.pirateface.co:6969/announce?info_hash=%FE%D3%A1%E2q%82z%20%94%B9%3E%CB%E78%DB%F3%BDX%C5%CF&peer_id=A2-1-37-0-%3F%22X%A6%F9%13%0A%0C%CD%CC&uploaded=0&downloaded=0&left=660013056&compact=1&key=X%A6%F9%13%0A%0C%CD%CC&numwant=50&no_peer_id=1&port=6990&event=started&supportcrypto=1
Exception: [AbstractCommand.cc:856] errorCode=1 Failed to establish connection, cause: Connection refused
[#895db9 302MiB/0.9GiB(32%) CN:0 SD:0 DL:0B]
[#895db9 302MiB/0.9GiB(32%) CN:0 SD:0 DL:0B]
[#895db9 302MiB/0.9GiB(32%) CN:0 SD:0 DL:0B]
[#895db9 302MiB/0.9GiB(32%) CN:0 SD:0 DL:0B]
[#895db9 302MiB/0.9GiB(32%) CN:0 SD:0 DL:0B]
[#895db9 302MiB/0.9GiB(32%) CN:0 SD:0 DL:0B]
[#895db9 302MiB/0.9GiB(32%) CN:0 SD:0 DL:0B]
[#895db9 302MiB/0.9GiB(32%) CN:0 SD:0 DL:0B]
[#895db9 302MiB/0.9GiB(32%) CN:0 SD:0 DL:0B]
[#895db9 302MiB/0.9GiB(32%) CN:0 SD:0 DL:0B]
[#895db9 302MiB/0.9GiB(32%) CN:0 SD:0 DL:0B]
[#895db9 302MiB/0.9GiB(32%) CN:0 SD:0 DL:0B]
[#895db9 302MiB/0.9GiB(32%) CN:0 SD:0 DL:0B]
[#895db9 302MiB/0.9GiB(32%) CN:0 SD:0 DL:0B]
[#895db9 302MiB/0.9GiB(32%) CN:0 SD:0 DL:0B]
[#895db9 302MiB/0.9GiB(32%) CN:0 SD:0 DL:0B]
[#895db9 302MiB/0.9GiB(32%) CN:0 SD:0 DL:0B]
[#895db9 302MiB/0.9GiB(32%) CN:0 SD:0 DL:0B]
[#895db9 302MiB/0.9GiB(32%) CN:0 SD:0 DL:0B]
[#895db9 302MiB/0.9GiB(32%) CN:0 SD:0 DL:0B]
[#895db9 302MiB/0.9GiB(32%) CN:0 SD:0 DL:0B]
[#895db9 302MiB/0.9GiB(32%) CN:0 SD:0 DL:0B]
[#895db9 302MiB/0.9GiB(32%) CN:0 SD:0 DL:0B]
[#895db9 302MiB/0.9GiB(32%) CN:0 SD:0 DL:0B]
[#895db9 302MiB/0.9GiB(32%) CN:0 SD:0 DL:0B]
[#895db9 302MiB/0.9GiB(32%) CN:0 SD:0 DL:0B]
[#895db9 302MiB/0.9GiB(32%) CN:0 SD:0 DL:0B]
[#895db9 302MiB/0.9GiB(32%) CN:0 SD:0 DL:0B]
[#895db9 302MiB/0.9GiB(32%) CN:0 SD:0 DL:0B]
[#895db9 302MiB/0.9GiB(32%) CN:0 SD:0 DL:0B]
[#895db9 302MiB/0.9GiB(32%) CN:0 SD:0 DL:0B]
[#895db9 302MiB/0.9GiB(32%) CN:0 SD:0 DL:0B]
[#895db9 302MiB/0.9GiB(32%) CN:0 SD:0 DL:0B]
[#895db9 302MiB/0.9GiB(32%) CN:0 SD:0 DL:0B]
[#895db9 302MiB/0.9GiB(32%) CN:0 SD:0 DL:0B]
[#895db9 302MiB/0.9GiB(32%) CN:0 SD:0 DL:0B]
[#895db9 302MiB/0.9GiB(32%) CN:0 SD:0 DL:0B]
[#895db9 302MiB/0.9GiB(32%) CN:0 SD:0 DL:0B]
[#895db9 302MiB/0.9GiB(32%) CN:0 SD:0 DL:0B]
[#895db9 302MiB/0.9GiB(32%) CN:0 SD:0 DL:0B]
[#895db9 302MiB/0.9GiB(32%) CN:0 SD:0 DL:0B]
[#895db9 302MiB/0.9GiB(32%) CN:0 SD:0 DL:0B]
[#895db9 302MiB/0.9GiB(32%) CN:0 SD:0 DL:0B]
[#895db9 302MiB/0.9GiB(32%) CN:0 SD:0 DL:0B]
[#895db9 302MiB/0.9GiB(32%) CN:0 SD:0 DL:0B]
[#895db9 302MiB/0.9GiB(32%) CN:0 SD:0 DL:0B]
[#895db9 302MiB/0.9GiB(32%) CN:0 SD:0 DL:0B]
[#895db9 302MiB/0.9GiB(32%) CN:0 SD:0 DL:0B]
[#895db9 302MiB/0.9GiB(32%) CN:0 SD:0 DL:0B]
[#895db9 302MiB/0.9GiB(32%) CN:0 SD:0 DL:0B]
 *** Download Progress Summary as of Wed Sep 30 05:17:00 2026 *** 
===============================================================================
[#895db9 302MiB/0.9GiB(32%) CN:0 SD:0 DL:0B]
FILE: /home/runner/work/_temp/exp18-work/swarm_run/sentence-transformers__all-MiniLM-L6-v2/1_Pooling/config.json (28more)
-------------------------------------------------------------------------------

[#895db9 302MiB/0.9GiB(32%) CN:0 SD:0 DL:0B]
[#895db9 302MiB/0.9GiB(32%) CN:0 SD:0 DL:0B]
[#895db9 302MiB/0.9GiB(32%) CN:0 SD:0 DL:0B]
[#895db9 302MiB/0.9GiB(32%) CN:0 SD:0 DL:0B]
[#895db9 302MiB/0.9GiB(32%) CN:0 SD:0 DL:0B]
[#895db9 302MiB/0.9GiB(32%) CN:0 SD:0 DL:0B]
[#895db9 302MiB/0.9GiB(32%) CN:0 SD:0 DL:0B]
[#895db9 302MiB/0.9GiB(32%) CN:0 SD:0 DL:0B]
[#895db9 302MiB/0.9GiB(32%) CN:0 SD:0 DL:0B]
[#895db9 302MiB/0.9GiB(32%) CN:0 SD:0 DL:0B]
[#895db9 302MiB/0.9GiB(32%) CN:0 SD:0 DL:0B]
[#895db9 302MiB/0.9GiB(32%) CN:0 SD:0 DL:0B]
[#895db9 302MiB/0.9GiB(32%) CN:0 SD:0 DL:0B]
[#895db9 302MiB/0.9GiB(32%) CN:0 SD:0 DL:0B]
[#895db9 302MiB/0.9GiB(32%) CN:0 SD:0 DL:0B]
[#895db9 302MiB/0.9GiB(32%) CN:0 SD:0 DL:0B]
[#895db9 302MiB/0.9GiB(32%) CN:0 SD:0 DL:0B]
[#895db9 302MiB/0.9GiB(32%) CN:0 SD:0 DL:0B]
[#895db9 302MiB/0.9GiB(32%) CN:0 SD:0 DL:0B]
[#895db9 302MiB/0.9GiB(32%) CN:0 SD:0 DL:0B]
[#895db9 302MiB/0.9GiB(32%) CN:0 SD:0 DL:0B]
[#895db9 302MiB/0.9GiB(32%) CN:0 SD:0 DL:0B]
[#895db9 302MiB/0.9GiB(32%) CN:0 SD:0 DL:0B]
[#895db9 302MiB/0.9GiB(32%) CN:0 SD:0 DL:0B]
[#895db9 302MiB/0.9GiB(32%) CN:0 SD:0 DL:0B]
[#895db9 302MiB/0.9GiB(32%) CN:0 SD:0 DL:0B]
[#895db9 302MiB/0.9GiB(32%) CN:0 SD:0 DL:0B]
[#895db9 302MiB/0.9GiB(32%) CN:0 SD:0 DL:0B]
[#895db9 302MiB/0.9GiB(32%) CN:0 SD:0 DL:0B]
[#895db9 302MiB/0.9GiB(32%) CN:0 SD:0 DL:0B]
[#895db9 302MiB/0.9GiB(32%) CN:0 SD:0 DL:0B]
[#895db9 302MiB/0.9GiB(32%) CN:0 SD:0 DL:0B]
[#895db9 302MiB/0.9GiB(32%) CN:0 SD:0 DL:0B]
[#895db9 302MiB/0.9GiB(32%) CN:0 SD:0 DL:0B]
[#895db9 302MiB/0.9GiB(32%) CN:0 SD:0 DL:0B]
[#895db9 302MiB/0.9GiB(32%) CN:0 SD:0 DL:0B]
[#895db9 302MiB/0.9GiB(32%) CN:0 SD:0 DL:0B]
[#895db9 302MiB/0.9GiB(32%) CN:0 SD:0 DL:0B]
[#895db9 302MiB/0.9GiB(32%) CN:0 SD:0 DL:0B]
[#895db9 302MiB/0.9GiB(32%) CN:0 SD:0 DL:0B]
[#895db9 302MiB/0.9GiB(32%) CN:0 SD:0 DL:0B]
[#895db9 302MiB/0.9GiB(32%) CN:0 SD:0 DL:0B]
[#895db9 302MiB/0.9GiB(32%) CN:0 SD:0 DL:0B]
[#895db9 302MiB/0.9GiB(32%) CN:0 SD:0 DL:0B]
[#895db9 302MiB/0.9GiB(32%) CN:0 SD:0 DL:0B]
[#895db9 302MiB/0.9GiB(32%) CN:0 SD:0 DL:0B]
[#895db9 302MiB/0.9GiB(32%) CN:0 SD:0 DL:0B]
[#895db9 302MiB/0.9GiB(32%) CN:0 SD:0 DL:0B]
[#895db9 302MiB/0.9GiB(32%) CN:0 SD:0 DL:0B]
[#895db9 302MiB/0.9GiB(32%) CN:0 SD:0 DL:0B]
[#895db9 302MiB/0.9GiB(32%) CN:0 SD:0 DL:0B]
[#895db9 302MiB/0.9GiB(32%) CN:0 SD:0 DL:0B]
[#895db9 302MiB/0.9GiB(32%) CN:0 SD:0 DL:0B]
[#895db9 302MiB/0.9GiB(32%) CN:0 SD:0 DL:0B]
[#895db9 302MiB/0.9GiB(32%) CN:0 SD:0 DL:0B]
[#895db9 302MiB/0.9GiB(32%) CN:0 SD:0 DL:0B]
[#895db9 302MiB/0.9GiB(32%) CN:0 SD:0 DL:0B]
[#895db9 302MiB/0.9GiB(32%) CN:0 SD:0 DL:0B]
[#895db9 302MiB/0.9GiB(32%) CN:0 SD:0 DL:0B]
[#895db9 302MiB/0.9GiB(32%) CN:0 SD:0 DL:0B]
 *** Download Progress Summary as of Wed Sep 30 05:18:00 2026 *** 
===============================================================================
[#895db9 302MiB/0.9GiB(32%) CN:0 SD:0 DL:0B]
FILE: /home/runner/work/_temp/exp18-work/swarm_run/sentence-transformers__all-MiniLM-L6-v2/1_Pooling/config.json (28more)
-------------------------------------------------------------------------------

[#895db9 302MiB/0.9GiB(32%) CN:0 SD:0 DL:0B]
[#895db9 302MiB/0.9GiB(32%) CN:0 SD:0 DL:0B]
[#895db9 302MiB/0.9GiB(32%) CN:0 SD:0 DL:0B]
[#895db9 302MiB/0.9GiB(32%) CN:0 SD:0 DL:0B]
[#895db9 302MiB/0.9GiB(32%) CN:0 SD:0 DL:0B]
[#895db9 302MiB/0.9GiB(32%) CN:0 SD:0 DL:0B]
[#895db9 302MiB/0.9GiB(32%) CN:0 SD:0 DL:0B]
[#895db9 302MiB/0.9GiB(32%) CN:0 SD:0 DL:0B]
[#895db9 302MiB/0.9GiB(32%) CN:0 SD:0 DL:0B]
[#895db9 302MiB/0.9GiB(32%) CN:0 SD:0 DL:0B]
[#895db9 302MiB/0.9GiB(32%) CN:0 SD:0 DL:0B]

09/30 05:18:10 [[1;31mERROR[0m] CUID#20 - Download aborted. URI=udp://tracker.pirateface.co:6969/announce?info_hash=%FE%D3%A1%E2q%82z%20%94%B9%3E%CB%E78%DB%F3%BDX%C5%CF&peer_id=A2-1-37-0-%3F%22X%A6%F9%13%0A%0C%CD%CC&uploaded=0&downloaded=0&left=660013056&compact=1&key=X%A6%F9%13%0A%0C%CD%CC&numwant=50&no_peer_id=1&port=6990&event=started&supportcrypto=1
Exception: [AbstractCommand.cc:351] errorCode=1 URI=udp://tracker.pirateface.co:6969/announce?info_hash=%FE%D3%A1%E2q%82z%20%94%B9%3E%CB%E78%DB%F3%BDX%C5%CF&peer_id=A2-1-37-0-%3F%22X%A6%F9%13%0A%0C%CD%CC&uploaded=0&downloaded=0&left=660013056&compact=1&key=X%A6%F9%13%0A%0C%CD%CC&numwant=50&no_peer_id=1&port=6990&event=started&supportcrypto=1
  -> [InitiateConnectionCommandFactory.cc:87] errorCode=1 udp is not supported yet.
[#895db9 302MiB/0.9GiB(32%) CN:0 SD:0 DL:0B]
[#895db9 302MiB/0.9GiB(32%) CN:0 SD:0 DL:0B]

09/30 05:18:12 [[1;31mERROR[0m] CUID#21 - Download aborted. URI=http://tracker.pirateface.co:6969/announce?info_hash=%FE%D3%A1%E2q%82z%20%94%B9%3E%CB%E78%DB%F3%BDX%C5%CF&peer_id=A2-1-37-0-%3F%22X%A6%F9%13%0A%0C%CD%CC&uploaded=0&downloaded=0&left=660013056&compact=1&key=X%A6%F9%13%0A%0C%CD%CC&numwant=50&no_peer_id=1&port=6990&event=started&supportcrypto=1
Exception: [AbstractCommand.cc:856] errorCode=1 Failed to establish connection, cause: Connection refused
[#895db9 302MiB/0.9GiB(32%) CN:0 SD:0 DL:0B]
[#895db9 302MiB/0.9GiB(32%) CN:0 SD:0 DL:0B]
[#895db9 302MiB/0.9GiB(32%) CN:0 SD:0 DL:0B]
[#895db9 302MiB/0.9GiB(32%) CN:0 SD:0 DL:0B]
[#895db9 302MiB/0.9GiB(32%) CN:0 SD:0 DL:0B]
[#895db9 302MiB/0.9GiB(32%) CN:0 SD:0 DL:0B]
[#895db9 302MiB/0.9GiB(32%) CN:0 SD:0 DL:0B]
[#895db9 302MiB/0.9GiB(32%) CN:0 SD:0 DL:0B]
[#895db9 302MiB/0.9GiB(32%) CN:0 SD:0 DL:0B]
[#895db9 302MiB/0.9GiB(32%) CN:0 SD:0 DL:0B]
[#895db9 302MiB/0.9GiB(32%) CN:0 SD:0 DL:0B]
[#895db9 302MiB/0.9GiB(32%) CN:0 SD:0 DL:0B]
[#895db9 302MiB/0.9GiB(32%) CN:0 SD:0 DL:0B]
[#895db9 302MiB/0.9GiB(32%) CN:0 SD:0 DL:0B]
[#895db9 302MiB/0.9GiB(32%) CN:0 SD:0 DL:0B]
[#895db9 302MiB/0.9GiB(32%) CN:0 SD:0 DL:0B]
[#895db9 302MiB/0.9GiB(32%) CN:0 SD:0 DL:0B]
[#895db9 302MiB/0.9GiB(32%) CN:0 SD:0 DL:0B]
[#895db9 302MiB/0.9GiB(32%) CN:0 SD:0 DL:0B]
[#895db9 302MiB/0.9GiB(32%) CN:0 SD:0 DL:0B]
[#895db9 302MiB/0.9GiB(32%) CN:0 SD:0 DL:0B]
[#895db9 302MiB/0.9GiB(32%) CN:0 SD:0 DL:0B]
[#895db9 302MiB/0.9GiB(32%) CN:0 SD:0 DL:0B]
[#895db9 302MiB/0.9GiB(32%) CN:0 SD:0 DL:0B]
[#895db9 302MiB/0.9GiB(32%) CN:0 SD:0 DL:0B]
[#895db9 302MiB/0.9GiB(32%) CN:0 SD:0 DL:0B]
[#895db9 302MiB/0.9GiB(32%) CN:0 SD:0 DL:0B]
[#895db9 302MiB/0.9GiB(32%) CN:0 SD:0 DL:0B]
[#895db9 302MiB/0.9GiB(32%) CN:0 SD:0 DL:0B]
[#895db9 302MiB/0.9GiB(32%) CN:0 SD:0 DL:0B]
[#895db9 302MiB/0.9GiB(32%) CN:0 SD:0 DL:0B]
[#895db9 302MiB/0.9GiB(32%) CN:0 SD:0 DL:0B]
[#895db9 302MiB/0.9GiB(32%) CN:0 SD:0 DL:0B]
[#895db9 302MiB/0.9GiB(32%) CN:0 SD:0 DL:0B]
[#895db9 302MiB/0.9GiB(32%) CN:0 SD:0 DL:0B]
[#895db9 302MiB/0.9GiB(32%) CN:0 SD:0 DL:0B]
[#895db9 302MiB/0.9GiB(32%) CN:0 SD:0 DL:0B]
[#895db9 302MiB/0.9GiB(32%) CN:0 SD:0 DL:0B]
[#895db9 302MiB/0.9GiB(32%) CN:0 SD:0 DL:0B]
[#895db9 302MiB/0.9GiB(32%) CN:0 SD:0 DL:0B]
[#895db9 302MiB/0.9GiB(32%) CN:0 SD:0 DL:0B]
[#895db9 302MiB/0.9GiB(32%) CN:0 SD:0 DL:0B]
[#895db9 302MiB/0.9GiB(32%) CN:0 SD:0 DL:0B]
[#895db9 302MiB/0.9GiB(32%) CN:0 SD:0 DL:0B]
[#895db9 302MiB/0.9GiB(32%) CN:0 SD:0 DL:0B]
[#895db9 302MiB/0.9GiB(32%) CN:0 SD:0 DL:0B]
[#895db9 302MiB/0.9GiB(32%) CN:0 SD:0 DL:0B]

09/30 05:19:00 [[1;32mNOTICE[0m] Emergency shutdown sequence commencing...

09/30 05:19:00 [[1;32mNOTICE[0m] Download GID#895db9265edeacd7 not complete: /home/runner/work/_temp/exp18-work/swarm_run/sentence-transformers__all-MiniLM-L6-v2

Download Results:
gid   |stat|avg speed  |path/URI
======+====+===========+=======================================================
895db9|INPR|       0B/s|/home/runner/work/_temp/exp18-work/swarm_run/sentence-transformers__all-MiniLM-L6-v2/1_Pooling/config.json (28more)

Status Legend:
(INPR):download in-progress.

aria2 will resume download if the transfer is restarted.
If there are any errors, then see the log file. See '-l' option in help/man page for details.
